[sz-games.com/slope/index.html]
[backblue.gif]
[fade.gif]
[index.html]
[sz-games.com/slope/icon.ico]
[sz-games.com/slope/TemplateData/style.css]
[sz-games.com/slope/TemplateData/UnityProgress.js]
[sz-games.com/slope/index.html]
[sz-games.com/slope/TemplateData/unityloader41.js]
[sz-games.com/slope/TemplateData/progressLogo.Light.png]
[sz-games.com/slope/TemplateData/progressEmpty.Light.png]
[sz-games.com/slope/TemplateData/progressFull.Light.png]
[sz-games.com/slope/TemplateData/progressLogo.Dark.png]
[sz-games.com/slope/TemplateData/progressEmpty.Dark.png]
[sz-games.com/slope/TemplateData/progressFull.Dark.png]
[sz-games.com/slope/TemplateData/webgl-logo.png]
[sz-games.com/slope/TemplateData/fullscreen.png]
[sz-games.com/slope/TemplateData/style.css]
[sz-games.com/slope/TemplateData/progressLogo.Light.html]
[sz-games.com/slope/TemplateData/progressEmpty.Light.html]
[sz-games.com/slope/TemplateData/progressFull.Light.html]
[sz-games.com/slope/TemplateData/webgl-logo.html]
[sz-games.com/slope/TemplateData/fullscreen.html]
